
> figma-make-app@1.0.0 dev
> vite --host 127.0.0.1 --port 8443


  VITE v8.3.0  ready in 11594 ms

  ➜  Local:   http://127.0.0.1:8443/
오후 6:07:11 [vite] (client) hmr update /src/App.tsx, /src/index.css
오후 6:07:11 [vite] (client) hmr update /src/App.tsx, /src/index.css
오후 6:08:49 [vite] (client) hmr update /src/App.tsx, /src/index.css
오후 6:10:01 [vite] (client) hmr update /src/App.tsx, /src/index.css
오후 6:10:13 [vite] (client) hmr update /src/App.tsx, /src/index.css
오후 6:10:20 [vite] (client) hmr update /src/App.tsx, /src/index.css
오후 6:10:26 [vite] (client) hmr update /src/App.tsx, /src/index.css
오후 6:11:10 [vite] (client) hmr update /src/App.tsx, /src/index.css
오후 6:11:19 [vite] (client) hmr update /src/App.tsx, /src/index.css
오후 6:11:45 [vite] (client) hmr update /src/App.tsx, /src/index.css
오후 6:12:26 [vite] (client) hmr update /src/App.tsx, /src/index.css
오후 6:12:39 [vite] (client) hmr update /src/App.tsx, /src/index.css
오후 6:13:01 [vite] (client) hmr update /src/App.tsx, /src/index.css
오후 6:13:12 [vite] (client) hmr update /src/App.tsx, /src/index.css
오후 6:13:17 [vite] (client) hmr update /src/App.tsx, /src/index.css
오후 6:13:55 [vite] (client) hmr update /src/App.tsx, /src/index.css
오후 6:14:42 [vite] (client) hmr update /src/App.tsx, /src/index.css
오후 6:14:54 [vite] (client) hmr update /src/App.tsx, /src/index.css
오후 6:16:13 [vite] (client) hmr update /src/App.tsx, /src/index.css
오후 6:16:23 [vite] (client) hmr update /src/App.tsx, /src/index.css
오후 6:16:38 [vite] (client) hmr update /src/App.tsx, /src/index.css
오후 6:16:57 [vite] (client) hmr update /src/App.tsx, /src/index.css
오후 6:17:21 [vite] (client) hmr update /src/App.tsx, /src/index.css
오후 6:17:29 [vite] (client) hmr update /src/App.tsx, /src/index.css
오후 6:17:38 [vite] (client) hmr update /src/App.tsx, /src/index.css
오후 6:17:48 [vite] (client) hmr update /src/App.tsx, /src/index.css
오후 6:18:19 [vite] (client) hmr update /src/App.tsx, /src/index.css
오후 6:18:39 [vite] (client) hmr update /src/App.tsx, /src/index.css
오후 6:19:03 [vite] (client) hmr update /src/App.tsx, /src/index.css
오후 6:19:03 [vite] (client) hmr update /src/App.tsx, /src/index.css
오후 6:19:13 [vite] (client) hmr update /src/App.tsx, /src/index.css
오후 6:19:21 [vite] (client) hmr update /src/App.tsx, /src/index.css
오후 6:19:21 [vite] (client) hmr update /src/App.tsx, /src/index.css
오후 6:19:29 [vite] (client) hmr update /src/App.tsx, /src/index.css
오후 6:20:07 [vite] (client) hmr update /src/App.tsx, /src/index.css
오후 6:22:07 [vite] (client) hmr update /src/App.tsx, /src/index.css
오후 6:22:19 [vite] (client) hmr update /src/App.tsx, /src/index.css
오후 6:22:43 [vite] (client) hmr update /src/App.tsx, /src/index.css
오후 6:25:49 [vite] (client) hmr update /src/App.tsx, /src/index.css
오후 6:25:49 [vite] (client) hmr update /src/App.tsx, /src/index.css
오후 6:26:00 [vite] (client) hmr update /src/App.tsx, /src/index.css
오후 6:26:10 [vite] (client) hmr update /src/App.tsx, /src/index.css
오후 6:26:28 [vite] (client) hmr update /src/App.tsx, /src/index.css
오후 6:26:48 [vite] (client) hmr update /src/App.tsx, /src/index.css
오후 6:27:01 [vite] (client) hmr update /src/App.tsx, /src/index.css
오후 6:27:19 [vite] (client) hmr update /src/App.tsx, /src/index.css
오후 6:27:46 [vite] (client) hmr update /src/App.tsx, /src/index.css
오후 6:28:03 [vite] (client) hmr update /src/App.tsx, /src/index.css
오후 6:28:30 [vite] (client) hmr update /src/App.tsx, /src/index.css
오후 6:39:37 [vite] (client) hmr update /src/index.css
오후 6:39:39 [vite] (client) hmr update /src/App.tsx, /src/index.css
오후 6:39:40 [vite] (client) hmr update /src/index.css
오후 6:39:42 [vite] (client) hmr update /src/App.tsx, /src/index.css
오후 6:42:52 [vite] (client) hmr update /src/App.tsx, /src/index.css
오후 6:43:26 [vite] (client) hmr update /src/App.tsx, /src/index.css
오후 6:45:11 [vite] (client) hmr update /src/App.tsx, /src/index.css
오후 6:45:29 [vite] (client) hmr update /src/App.tsx, /src/index.css
오후 6:45:46 [vite] (client) hmr update /src/App.tsx, /src/index.css
오후 6:45:56 [vite] (client) hmr update /src/App.tsx, /src/index.css
오후 6:46:10 [vite] (client) hmr update /src/App.tsx, /src/index.css
오후 6:46:39 [vite] (client) hmr update /src/App.tsx, /src/index.css
오후 7:42:16 [vite] (client) hmr update /src/index.css
오후 7:42:51 [vite] (client) hmr update /src/index.css
오후 7:44:15 [vite] (client) hmr update /src/App.tsx, /src/index.css
오후 7:44:29 [vite] (client) hmr update /src/App.tsx, /src/index.css
오후 7:44:33 [vite] (client) hmr update /src/App.tsx, /src/index.css
오후 7:44:46 [vite] (client) hmr update /src/App.tsx, /src/index.css
오후 7:44:55 [vite] (client) hmr update /src/App.tsx, /src/index.css
오후 7:45:07 [vite] (client) hmr update /src/App.tsx, /src/index.css
오후 7:45:19 [vite] (client) hmr update /src/App.tsx, /src/index.css
오후 7:45:42 [vite] (client) hmr update /src/App.tsx, /src/index.css
오후 7:51:04 [vite] (client) hmr update /src/App.tsx, /src/index.css
오후 7:51:25 [vite] (client) hmr update /src/App.tsx, /src/index.css
오후 7:51:54 [vite] (client) hmr update /src/App.tsx, /src/index.css
오후 7:56:09 [vite] (client) hmr update /src/App.tsx, /src/index.css
오후 7:56:27 [vite] (client) hmr update /src/App.tsx, /src/index.css
오후 7:56:40 [vite] (client) hmr update /src/App.tsx, /src/index.css
오후 7:56:55 [vite] (client) hmr update /src/App.tsx, /src/index.css
오후 7:57:03 [vite] (client) hmr update /src/App.tsx, /src/index.css
오후 7:57:23 [vite] (client) hmr update /src/App.tsx, /src/index.css
오후 7:57:36 [vite] (client) hmr update /src/App.tsx, /src/index.css
오후 7:57:47 [vite] (client) hmr update /src/App.tsx, /src/index.css
오후 7:57:59 [vite] (client) hmr update /src/App.tsx, /src/index.css
오후 7:58:16 [vite] (client) hmr update /src/App.tsx, /src/index.css
오후 7:58:31 [vite] (client) hmr update /src/App.tsx, /src/index.css
오후 8:19:00 [vite] (client) hmr update /src/App.tsx, /src/index.css
오후 8:19:12 [vite] (client) hmr update /src/App.tsx, /src/index.css
오후 8:19:19 [vite] (client) hmr update /src/App.tsx, /src/index.css
오후 8:19:30 [vite] (client) hmr update /src/App.tsx, /src/index.css
오후 8:19:59 [vite] (client) hmr update /src/App.tsx, /src/index.css
오후 8:20:15 [vite] (client) hmr update /src/App.tsx, /src/index.css
오후 8:20:17 [vite] (client) hmr update /src/App.tsx, /src/index.css
오후 8:20:34 [vite] (client) hmr update /src/App.tsx, /src/index.css
오후 8:49:38 [vite] (client) hmr update /src/App.tsx, /src/index.css
오후 8:49:47 [vite] (client) hmr update /src/App.tsx, /src/index.css
오후 8:50:12 [vite] (client) hmr update /src/App.tsx, /src/index.css
오후 8:50:30 [vite] (client) hmr update /src/App.tsx, /src/index.css
오후 8:50:49 [vite] (client) hmr update /src/App.tsx, /src/index.css
오후 8:51:11 [vite] (client) hmr update /src/App.tsx, /src/index.css
오후 8:51:23 [vite] (client) hmr update /src/App.tsx, /src/index.css
오후 8:56:49 [vite] (client) hmr update /src/App.tsx, /src/index.css
오후 8:56:51 [vite] (client) hmr update /src/App.tsx, /src/index.css
오후 8:56:55 [vite] (client) hmr update /src/App.tsx, /src/index.css
오후 8:56:57 [vite] (client) hmr update /src/App.tsx, /src/index.css
오후 8:56:59 [vite] (client) hmr update /src/App.tsx, /src/index.css
오후 8:57:00 [vite] (client) hmr update /src/App.tsx, /src/index.css
오후 8:58:27 [vite] (client) hmr update /src/App.tsx, /src/index.css
오후 8:58:45 [vite] (client) hmr update /src/App.tsx, /src/index.css
오후 9:10:53 [vite] (client) hmr update /src/App.tsx, /src/index.css
오후 9:11:11 [vite] (client) hmr update /src/App.tsx, /src/index.css
오후 9:11:23 [vite] (client) hmr update /src/App.tsx, /src/index.css
오후 9:11:37 [vite] (client) hmr update /src/App.tsx, /src/index.css
오후 9:11:52 [vite] (client) hmr update /src/App.tsx, /src/index.css
오후 9:12:08 [vite] (client) hmr update /src/App.tsx, /src/index.css
오후 9:12:30 [vite] (client) hmr update /src/App.tsx, /src/index.css
오후 9:12:47 [vite] (client) hmr update /src/App.tsx, /src/index.css
오후 9:12:53 [vite] (client) hmr update /src/App.tsx, /src/index.css
오후 9:13:07 [vite] (client) hmr update /src/App.tsx, /src/index.css
오후 9:13:13 [vite] (client) hmr update /src/App.tsx, /src/index.css
오후 9:13:27 [vite] (client) hmr update /src/App.tsx, /src/index.css
오후 9:13:29 [vite] (client) hmr update /src/App.tsx, /src/index.css
오후 9:13:50 [vite] (client) hmr update /src/App.tsx, /src/index.css
오후 9:27:03 [vite] (client) hmr update /src/App.tsx, /src/index.css
오후 9:27:19 [vite] (client) hmr update /src/App.tsx, /src/index.css
오후 9:27:33 [vite] (client) hmr update /src/App.tsx, /src/index.css
오후 9:27:45 [vite] (client) hmr update /src/App.tsx, /src/index.css
오후 9:27:51 [vite] (client) hmr update /src/App.tsx, /src/index.css
오후 9:27:59 [vite] (client) hmr update /src/App.tsx, /src/index.css
오후 9:28:08 [vite] (client) hmr update /src/App.tsx, /src/index.css
오후 9:28:12 [vite] (client) hmr update /src/App.tsx, /src/index.css
오후 9:28:24 [vite] (client) hmr update /src/App.tsx, /src/index.css
오후 9:29:15 [vite] (client) hmr update /src/App.tsx, /src/index.css
오후 9:29:16 [vite] (client) hmr update /src/App.tsx, /src/index.css
오후 9:29:26 [vite] (client) hmr update /src/App.tsx, /src/index.css
오후 9:29:35 [vite] (client) hmr update /src/App.tsx, /src/index.css
오후 9:29:51 [vite] (client) hmr update /src/App.tsx, /src/index.css
오후 9:30:37 [vite] (client) hmr update /src/App.tsx, /src/index.css
오후 9:31:31 [vite] (client) hmr update /src/App.tsx, /src/index.css
오후 9:31:33 [vite] (client) hmr update /src/App.tsx, /src/index.css
오후 9:31:36 [vite] (client) hmr update /src/App.tsx, /src/index.css
오후 9:32:05 [vite] (client) hmr update /src/App.tsx, /src/index.css
